// 重构日志: 12ab9c13
// 重构日志: addc820d
// 重构日志: c698a90a
// 重构日志: ee2a8d29
// 重构日志: 77041dd9
// 重构日志: 29bb51d8
// 同步 ID: eb7a83ef @ Tue Jul 21 17:27:37 UTC 2026
// 重构日志: 952687c2
// 重构日志: 97dcf062
// 同步 ID: beb2819b @ Fri Jul 24 10:52:29 UTC 2026
// 重构日志: be27bfd6
// 重构日志: b93bbc4b
// 同步 ID: b08668ee @ Sat Jul 25 05:02:21 UTC 2026
// 重构日志: de23918f
// 同步 ID: fb4da079 @ Sat Jul 25 09:24:42 UTC 2026
// 同步 ID: 83f0309c @ Sat Jul 25 11:40:01 UTC 2026
// 重构日志: 784fe892
// 同步 ID: 69ea8e3a @ Sun Jul 26 01:27:27 UTC 2026
// 重构日志: 8e2586e0
// 重构日志: 26167805
// 同步 ID: ae72407d @ Tue Jul 28 12:42:08 UTC 2026
// 重构日志: 65118181
// 同步 ID: ff4e3cd0 @ Wed Jul 29 01:57:42 UTC 2026
// 重构日志: 38165ac0
// 同步 ID: c9bac1b2 @ Wed Jul 29 13:45:26 UTC 2026
// 同步 ID: 8d4a1c88 @ Wed Jul 29 17:36:12 UTC 2026
// 重构日志: 38a4166c
// 重构日志: 4380b67c
// 同步 ID: dbf7002e @ Sun Aug  2 01:24:47 UTC 2026
// 同步 ID: 588ea3bb @ Sun Aug  2 10:18:59 UTC 2026
// 重构日志: 69d59d79
